Running test_p07_comparison
...
================================================================================
Error occurred in test_p07_comparison/testMissingAndUnexpectedFilesFail and it did not run to completion.
    ---------
    Error ID:
    ---------
    'MATLAB:struct2table:UnequalFieldLengths'
    --------------
    Error Details:
    --------------
    Error using struct2table (line 77)
    Input structure is a scalar, but its fields have different numbers of rows. If you intended to create a table with one row, set 'AsArray' to true.
    
    Error in ejc_compare_results>as_table (line 246)
    if isempty(rows), value = struct2table(prototype); value(1,:) = []; else, value = struct2table(rows); end
    
    Error in ejc_compare_results (line 102)
    report.failures = as_table(failures,struct('quantity',"",'reason',"", ...
    
    Error in test_p07_comparison>testMissingAndUnexpectedFilesFail (line 64)
    report = ejc_compare_results(sources,references,output);
================================================================================
....
Done test_p07_comparison
__________

Failure Summary:

     Name                                                   Failed  Incomplete  Reason(s)
    ======================================================================================
     test_p07_comparison/testMissingAndUnexpectedFilesFail    X         X       Errored.
{Error using assert
Changed comparison checks failed.

Error in check_candidate (line 9)
    assert(all([results.Passed]) && ~any([results.Incomplete]),'ejc:TestsFailed','Changed comparison checks failed.');
    ^^^^^^^^^^^^^^^^^^^^^^^^^^^^^^^^^^^^^^^^^^^^^^^^^^^^^^^^^^^^^^^^^^^^^^^^^^^^^^^^^^^^^^^^^^^^^^^^^^^^^^^^^^^^^^^^^
} 
