EJC numerical core verification
MATLAB 26.1.0.3346908 (R2026a) Update 5
Running test_controller
.........
Done test_controller
__________

Running test_estimation
..........
Done test_estimation
__________

Running test_models
........
Done test_models
__________

Running test_p07_comparison
.......
Done test_p07_comparison
__________

Running test_p07_entrypoints
...
Done test_p07_entrypoints
__________

Running test_p07_reporting
Study 1 tables: 2 attempted runs, 2 completed, 0 recorded events.
....[Warning: Scrollable is set to 'on' on all figures because the Windows accessibility text size setting is greater than 100%.
To prevent this behavior, revert the text size setting back to 100% and instead use the Windows system display scale setting to increase the size of on-screen elements.] 
....
Done test_p07_reporting
__________

Running test_physical
.......
Done test_physical
__________

Running test_qp
........
Done test_qp
__________

Running test_study1
.......
Done test_study1
__________

Running test_study2
........
Done test_study2
__________

Running test_study2_figure_data
.
Done test_study2_figure_data
__________

Running test_study2_reporting
......Study 2 Gram crosscheck: 1 adaptive model/amplitude pairs match.
maxStoredCondition was checked against archived gramCondition, not the corrected rank-based condition.
.
Done test_study2_reporting
__________

Running test_study3_definitions
.....
Done test_study3_definitions
__________

Running test_study3_recovery
.......
Done test_study3_recovery
__________

Running test_study3_reporting
...
Done test_study3_reporting
__________

Running test_study3_timing
........
Done test_study3_timing
__________

Running test_study4
......
Done test_study4
__________

Running test_study4_reporting
...
Done test_study4_reporting
__________

Running test_study4_timing
...
Done test_study4_timing
__________

Running test_study5
........
Done test_study5
__________

Running test_study5_figure_data
..
Done test_study5_figure_data
__________

Running test_study6
........
Done test_study6
__________

Running test_study6_figure_data
..
Done test_study6_figure_data
__________


Phase 1 checks: 138 passed, 0 failed, 0 incomplete (138 total).
Optimization Toolbox 26.1
Phase 1 core verification completed successfully.
EJC quick: C:\Users\Tam\OneDrive - Kyoto University\research\projects\tam-control-toolbox\results\p07_quick_20260925_122543_764
Source: 677258e4c676631806c9c8dd31f779004d511218
Running test_controller
.........
Done test_controller
__________

Running test_estimation
..........
Done test_estimation
__________

Running test_models
........
Done test_models
__________

Running test_physical
.......
Done test_physical
__________

Running test_qp
........
Done test_qp
__________

Running test_study1
.......
Done test_study1
__________


Phase 1 checks: 49 passed, 0 failed, 0 incomplete (49 total).
Fixed Study 1 Shared trial 0: exact scientific agreement; wall-clock timing excluded.
EJC quick complete in 7.533 s: C:\Users\Tam\OneDrive - Kyoto University\research\projects\tam-control-toolbox\results\p07_quick_20260925_122543_764
